[html.themehour.net/faren/demo/landscape-exterior-design.html]
[backblue.gif]
[fade.gif]
[index.html]
[html.themehour.net/faren/demo/assets/img/favicons/apple-icon-57x57.png]
[html.themehour.net/faren/demo/assets/img/favicons/apple-icon-60x60.png]
[html.themehour.net/faren/demo/assets/img/favicons/apple-icon-72x72.png]
[html.themehour.net/faren/demo/assets/img/favicons/apple-icon-76x76.png]
[html.themehour.net/faren/demo/assets/img/favicons/apple-icon-114x114.png]
[html.themehour.net/faren/demo/assets/img/favicons/apple-icon-120x120.png]
[html.themehour.net/faren/demo/assets/img/favicons/apple-icon-144x144.png]
[html.themehour.net/faren/demo/assets/img/favicons/apple-icon-152x152.png]
[html.themehour.net/faren/demo/assets/img/favicons/apple-icon-180x180.png]
[html.themehour.net/faren/demo/assets/img/favicons/android-icon-192x192.png]
[html.themehour.net/faren/demo/assets/img/favicons/favicon-32x32.png]
[html.themehour.net/faren/demo/assets/img/favicons/favicon-96x96.png]
[html.themehour.net/faren/demo/assets/img/favicons/favicon-16x16.png]
[html.themehour.net/faren/demo/assets/img/favicons/manifest.json]
[html.themehour.net/faren/demo/assets/img/favicons/ms-icon-144x144.png]
[html.themehour.net/faren/demo/assets/css/bootstrap.min.css]
[html.themehour.net/faren/demo/assets/css/fontawesome.min.css]
[html.themehour.net/faren/demo/assets/css/magnific-popup.min.css]
[html.themehour.net/faren/demo/assets/css/swiper-bundle.min.css]
[html.themehour.net/faren/demo/assets/css/style.css]
[html.themehour.net/faren/demo/index.html]
[html.themehour.net/faren/demo/assets/img/logo.svg]
[html.themehour.net/faren/demo/blog-details.html]
[html.themehour.net/faren/demo/assets/img/blog/recent-post-1-1.jpg]
[html.themehour.net/faren/demo/blog.html]
[html.themehour.net/faren/demo/assets/img/blog/recent-post-1-2.jpg]
[html.themehour.net/faren/demo/assets/img/blog/recent-post-1-3.jpg]
[html.themehour.net/faren/demo/assets/img/blog/recent-post-1-4.jpg]
[html.themehour.net/faren/demo/home-interior.html]
[html.themehour.net/faren/demo/home-architecture.html]
[html.themehour.net/faren/demo/home-minimalist-luxury.html]
[html.themehour.net/faren/demo/home-hotel-hospitality-design.html]
[html.themehour.net/faren/demo/home-green-architecture.html]
[html.themehour.net/faren/demo/home-industrial-factory-design.html]
[html.themehour.net/faren/demo/home-real-estate-architural-solutions.html]
[html.themehour.net/faren/demo/home-minimalist-luxury-light.html]
[html.themehour.net/faren/demo/home-real-estate-property.html]
[html.themehour.net/faren/demo/about.html]
[html.themehour.net/faren/demo/about-2.html]
[html.themehour.net/faren/demo/service.html]
[html.themehour.net/faren/demo/service-details.html]
[html.themehour.net/faren/demo/project.html]
[html.themehour.net/faren/demo/project-details.html]
[html.themehour.net/faren/demo/shop.html]
[html.themehour.net/faren/demo/shop-details.html]
[html.themehour.net/faren/demo/cart.html]
[html.themehour.net/faren/demo/checkout.html]
[html.themehour.net/faren/demo/wishlist.html]
[html.themehour.net/faren/demo/blog-grid.html]
[html.themehour.net/faren/demo/blog-grid-sidebar.html]
[html.themehour.net/faren/demo/team.html]
[html.themehour.net/faren/demo/team-details.html]
[html.themehour.net/faren/demo/testimonial.html]
[html.themehour.net/faren/demo/pricing.html]
[html.themehour.net/faren/demo/gallery.html]
[html.themehour.net/faren/demo/faq.html]
[html.themehour.net/faren/demo/error.html]
[html.themehour.net/faren/demo/contact.html]
[html.themehour.net/faren/demo/assets/img/logo-white.svg]
[html.themehour.net/faren/demo/assets/img/pages/home-interior.jpg]
[html.themehour.net/faren/demo/home-interior-op.html]
[html.themehour.net/faren/demo/assets/img/pages/home-architecture.jpg]
[html.themehour.net/faren/demo/home-architecture-op.html]
[html.themehour.net/faren/demo/assets/img/pages/home-minimalist-luxury.jpg]
[html.themehour.net/faren/demo/home-minimalist-luxury-op.html]
[html.themehour.net/faren/demo/assets/img/pages/home-hotel-hospitality-design.jpg]
[html.themehour.net/faren/demo/home-hotel-hospitality-design-op.html]
[html.themehour.net/faren/demo/assets/img/pages/home-green-architecture.jpg]
[html.themehour.net/faren/demo/home-green-architecture-op.html]
[html.themehour.net/faren/demo/assets/img/pages/home-industrial-factory-design.jpg]
[html.themehour.net/faren/demo/home-industrial-factory-design-op.html]
[html.themehour.net/faren/demo/assets/img/pages/home-real-estate-architural-solutions.jpg]
[html.themehour.net/faren/demo/home-real-estate-architural-solutions-op.html]
[html.themehour.net/faren/demo/assets/img/pages/landscape-exterior-design.jpg]
[html.themehour.net/faren/demo/landscape-exterior-design-op.html]
[html.themehour.net/faren/demo/assets/img/pages/home-minimalist-luxury-light.jpg]
[html.themehour.net/faren/demo/home-minimalist-luxury-light-op.html]
[html.themehour.net/faren/demo/assets/img/pages/home-real-estate-property.jpg]
[html.themehour.net/faren/demo/home-real-estate-property-op.html]
[html.themehour.net/faren/demo/assets/img/hero/hero_5_1.jpg]
[html.themehour.net/faren/demo/assets/img/hero/hero_5_2.jpg]
[html.themehour.net/faren/demo/assets/img/hero/hero_5_3.jpg]
[html.themehour.net/faren/demo/assets/img/hero/hero_5_4.jpg]
[html.themehour.net/faren/demo/assets/img/hero/star.svg]
[html.themehour.net/faren/demo/service-details_2.html]
[html.themehour.net/faren/demo/service-details_3.html]
[html.themehour.net/faren/demo/service-details_4.html]
[html.themehour.net/faren/demo/assets/img/normal/about_7_1.jpg]
[html.themehour.net/faren/demo/assets/img/normal/about_7_2.jpg]
[html.themehour.net/faren/demo/assets/img/normal/about_7_3.jpg]
[html.themehour.net/faren/demo/assets/img/normal/about_7_4.jpg]
[html.themehour.net/faren/demo/assets/img/shape/element-1.svg]
[html.themehour.net/faren/demo/assets/img/service/service_1_1.jpg]
[html.themehour.net/faren/demo/assets/img/icon/service_1_1.svg]
[html.themehour.net/faren/demo/assets/img/service/service_1_2.jpg]
[html.themehour.net/faren/demo/assets/img/icon/service_1_2.svg]
[html.themehour.net/faren/demo/assets/img/service/service_1_3.jpg]
[html.themehour.net/faren/demo/assets/img/icon/service_1_3.svg]
[html.themehour.net/faren/demo/assets/img/service/service_1_4.jpg]
[html.themehour.net/faren/demo/assets/img/icon/service_1_4.svg]
[html.themehour.net/faren/demo/assets/img/service/service_1_5.jpg]
[html.themehour.net/faren/demo/assets/img/icon/service_1_5.svg]
[html.themehour.net/faren/demo/assets/img/gallery/gallery_9_1.jpg]
[html.themehour.net/faren/demo/assets/img/gallery/gallery_9_2.jpg]
[html.themehour.net/faren/demo/assets/img/gallery/gallery_9_3.jpg]
[html.themehour.net/faren/demo/assets/img/gallery/gallery_9_4.jpg]
[html.themehour.net/faren/demo/assets/img/gallery/gallery_9_5.jpg]
[html.themehour.net/faren/demo/assets/img/gallery/gallery_9_6.jpg]
[html.themehour.net/faren/demo/assets/img/gallery/gallery_9_7.jpg]
[html.themehour.net/faren/demo/assets/img/gallery/gallery_9_8.jpg]
[html.themehour.net/faren/demo/assets/img/gallery/gallery_9_9.jpg]
[html.themehour.net/faren/demo/assets/img/testimonial/testi-img1.jpg]
[html.themehour.net/faren/demo/assets/img/testimonial/testi-img2.jpg]
[html.themehour.net/faren/demo/assets/img/icon/quote2.svg]
[html.themehour.net/faren/demo/assets/img/testimonial/testi_1_1.png]
[html.themehour.net/faren/demo/assets/img/testimonial/testi_1_2.png]
[html.themehour.net/faren/demo/assets/img/testimonial/testi_1_3.png]
[html.themehour.net/faren/demo/assets/img/normal/progress-img2.jpg]
[html.themehour.net/faren/demo/assets/img/team/team_2_1.png]
[html.themehour.net/faren/demo/assets/img/team/team_2_2.png]
[html.themehour.net/faren/demo/assets/img/team/team_2_3.png]
[html.themehour.net/faren/demo/assets/img/team/team_2_4.png]
[html.themehour.net/faren/demo/assets/img/brand/brand_1_1.png]
[html.themehour.net/faren/demo/assets/img/brand/brand_1_2.png]
[html.themehour.net/faren/demo/assets/img/brand/brand_1_3.png]
[html.themehour.net/faren/demo/assets/img/brand/brand_1_4.png]
[html.themehour.net/faren/demo/assets/img/brand/brand_1_5.png]
[html.themehour.net/faren/demo/assets/img/brand/brand_1_6.png]
[html.themehour.net/faren/demo/assets/img/brand/brand_1_7.png]
[html.themehour.net/faren/demo/assets/img/brand/brand_1_8.png]
[html.themehour.net/faren/demo/assets/img/blog/blog_1_1.jpg]
[html.themehour.net/faren/demo/assets/img/blog/blog_1_2.jpg]
[html.themehour.net/faren/demo/assets/img/bg/footer_bg_1.jpg]
[html.themehour.net/faren/demo/assets/img/shape/app-download.png]
[html.themehour.net/faren/demo/assets/img/shape/shape-img.png]
[html.themehour.net/faren/demo/assets/img/shape/shape-img2.png]
[html.themehour.net/faren/demo/assets/img/shape/shape-img3.png]
[html.themehour.net/faren/demo/assets/js/vendor/jquery-3.7.1.min.js]
[html.themehour.net/faren/demo/assets/js/swiper-bundle.min.js]
[html.themehour.net/faren/demo/assets/js/bootstrap.min.js]
[html.themehour.net/faren/demo/assets/js/jquery.magnific-popup.min.js]
[html.themehour.net/faren/demo/assets/js/jquery.counterup.min.js]
[html.themehour.net/faren/demo/assets/js/circle-progress.js]
[html.themehour.net/faren/demo/assets/js/jquery-ui.min.js]
[html.themehour.net/faren/demo/assets/js/imagesloaded.pkgd.min.js]
[html.themehour.net/faren/demo/assets/js/isotope.pkgd.min.js]
[html.themehour.net/faren/demo/assets/js/nice-select.min.js]
[html.themehour.net/faren/demo/assets/js/wow.min.js]
[html.themehour.net/faren/demo/assets/js/threesixty.min.js]
[html.themehour.net/faren/demo/assets/js/panolens.min.js]
[html.themehour.net/faren/demo/assets/js/ScrollTrigger.min.js]
[html.themehour.net/faren/demo/assets/js/gsap.min.js]
[html.themehour.net/faren/demo/assets/js/SplitText.js]
[html.themehour.net/faren/demo/assets/js/SplitType.js]
[html.themehour.net/faren/demo/assets/js/lenis.min.js]
[html.themehour.net/faren/demo/assets/js/CustomEase.min.js]
[html.themehour.net/faren/demo/landscape-exterior-design.html]
[html.themehour.net/faren/demo/assets/js/main.js]
[html.themehour.net/faren/demo/assets/css/bootstrap.min.css]
[html.themehour.net/faren/demo/assets/fonts/fontawesome/fa-brands-400.woff2]
[html.themehour.net/faren/demo/assets/fonts/fontawesome/fa-brands-400.ttf]
[html.themehour.net/faren/demo/assets/fonts/fontawesome/fa-duotone-900.woff2]
[html.themehour.net/faren/demo/assets/fonts/fontawesome/fa-duotone-900.ttf]
[html.themehour.net/faren/demo/assets/fonts/fontawesome/fa-light-300.woff2]
[html.themehour.net/faren/demo/assets/fonts/fontawesome/fa-light-300.ttf]
[html.themehour.net/faren/demo/assets/fonts/fontawesome/fa-regular-400.woff2]
[html.themehour.net/faren/demo/assets/fonts/fontawesome/fa-solid-900.woff2]
[html.themehour.net/faren/demo/assets/fonts/fontawesome/fa-regular-400.ttf]
[html.themehour.net/faren/demo/assets/fonts/fontawesome/fa-thin-100.woff2]
[html.themehour.net/faren/demo/assets/fonts/fontawesome/fa-solid-900.ttf]
[html.themehour.net/faren/demo/assets/css/fontawesome.min.css]
[html.themehour.net/faren/demo/assets/css/magnific-popup.min.css]
[html.themehour.net/faren/demo/assets/css/swiper-bundle.min.css]
[html.themehour.net/faren/demo/assets/fonts/CabinetGrotesk-Thin.woff2]
[html.themehour.net/faren/demo/assets/fonts/fontawesome/fa-thin-100.ttf]
[html.themehour.net/faren/demo/assets/fonts/CabinetGrotesk-Thin.woff]
[html.themehour.net/faren/demo/assets/fonts/CabinetGrotesk-Thin.ttf]
[html.themehour.net/faren/demo/assets/fonts/CabinetGrotesk-Extralight.woff2]
[html.themehour.net/faren/demo/assets/fonts/CabinetGrotesk-Extralight.woff]
[html.themehour.net/faren/demo/assets/fonts/CabinetGrotesk-Extralight.ttf]
[html.themehour.net/faren/demo/assets/fonts/CabinetGrotesk-Light.woff2]
[html.themehour.net/faren/demo/assets/fonts/CabinetGrotesk-Light.woff]
[html.themehour.net/faren/demo/assets/fonts/CabinetGrotesk-Light.ttf]
[html.themehour.net/faren/demo/assets/fonts/CabinetGrotesk-Regular.woff2]
[html.themehour.net/faren/demo/assets/fonts/CabinetGrotesk-Regular.woff]
[html.themehour.net/faren/demo/assets/fonts/CabinetGrotesk-Regular.ttf]
[html.themehour.net/faren/demo/assets/fonts/CabinetGrotesk-Medium.woff2]
[html.themehour.net/faren/demo/assets/fonts/CabinetGrotesk-Medium.woff]
[html.themehour.net/faren/demo/assets/fonts/CabinetGrotesk-Medium.ttf]
[html.themehour.net/faren/demo/assets/fonts/CabinetGrotesk-Bold.woff2]
[html.themehour.net/faren/demo/assets/fonts/CabinetGrotesk-Bold.woff]
[html.themehour.net/faren/demo/assets/fonts/CabinetGrotesk-Bold.ttf]
[html.themehour.net/faren/demo/assets/fonts/CabinetGrotesk-Extrabold.woff2]
[html.themehour.net/faren/demo/assets/fonts/CabinetGrotesk-Extrabold.woff]
[html.themehour.net/faren/demo/assets/fonts/CabinetGrotesk-Extrabold.ttf]
[html.themehour.net/faren/demo/assets/fonts/CabinetGrotesk-Black.woff2]
[html.themehour.net/faren/demo/assets/fonts/CabinetGrotesk-Black.woff]
[html.themehour.net/faren/demo/assets/fonts/CabinetGrotesk-Black.ttf]
[html.themehour.net/faren/demo/assets/fonts/CabinetGrotesk-Variable.woff2]
[html.themehour.net/faren/demo/assets/fonts/CabinetGrotesk-Variable.woff]
[html.themehour.net/faren/demo/assets/fonts/CabinetGrotesk-Variable.ttf]
[html.themehour.net/faren/demo/assets/img/icon/arrow-right.svg]
[html.themehour.net/faren/demo/assets/img/theme-img/sub-title.svg]
[html.themehour.net/faren/demo/assets/img/theme-img/sub-title2.svg]
[html.themehour.net/faren/demo/assets/img/shape/header-shape.png]
[html.themehour.net/faren/demo/assets/img/shape/shape-1.svg]
[html.themehour.net/faren/demo/assets/img/hero/hero-bottom.png]
[html.themehour.net/faren/demo/assets/img/normal/contact-shape3.png]
[html.themehour.net/faren/demo/assets/img/icon/cursor.svg]
[html.themehour.net/faren/demo/assets/css/style.css]
[html.themehour.net/faren/demo/assets/img/logo2.svg]
[html.themehour.net/faren/demo/assets/img/shape/client-1-1.png]
[html.themehour.net/faren/demo/assets/img/shape/client-1-2.png]
[html.themehour.net/faren/demo/assets/img/shape/client-1-3.png]
[html.themehour.net/faren/demo/assets/img/hero/hero-img-1.jpg]
[html.themehour.net/faren/demo/assets/img/hero/hero-img-2.jpg]
[html.themehour.net/faren/demo/assets/img/hero/hero-img-3.jpg]
[html.themehour.net/faren/demo/assets/img/normal/about_1_1.jpg]
[html.themehour.net/faren/demo/assets/img/normal/about_1_2.jpg]
[html.themehour.net/faren/demo/assets/img/normal/about_1_3.jpg]
[html.themehour.net/faren/demo/assets/img/process/process_1_1.jpg]
[html.themehour.net/faren/demo/assets/img/process/process_1_2.jpg]
[html.themehour.net/faren/demo/assets/img/project/project_1_1.jpg]
[html.themehour.net/faren/demo/assets/img/project/project_1_2.jpg]
[html.themehour.net/faren/demo/assets/img/project/project_1_3.jpg]
[html.themehour.net/faren/demo/assets/img/project/project_1_4.jpg]
[html.themehour.net/faren/demo/assets/img/normal/feature-image.jpg]
[html.themehour.net/faren/demo/assets/img/normal/feature-thumb.jpg]
[html.themehour.net/faren/demo/assets/img/normal/feature-thumb2.jpg]
[html.themehour.net/faren/demo/assets/img/normal/feature-thumb3.jpg]
[html.themehour.net/faren/demo/assets/img/bg/gallery_bg_2.jpg]
[html.themehour.net/faren/demo/assets/img/gallery/gallery_7_1.jpg]
[html.themehour.net/faren/demo/assets/img/gallery/gallery_7_2.jpg]
[html.themehour.net/faren/demo/assets/img/gallery/gallery_7_3.jpg]
[html.themehour.net/faren/demo/assets/img/gallery/gallery_7_4.jpg]
[html.themehour.net/faren/demo/assets/img/gallery/gallery_7_5.jpg]
[html.themehour.net/faren/demo/assets/img/icon/right-arrow3.svg]
[html.themehour.net/faren/demo/assets/img/icon/grid.png]
[html.themehour.net/faren/demo/assets/img/icon/left-arrow2.svg]
[html.themehour.net/faren/demo/assets/img/normal/progress-img.jpg]
[html.themehour.net/faren/demo/assets/img/team/team_1_1.png]
[html.themehour.net/faren/demo/assets/img/team/team_1_2.png]
[html.themehour.net/faren/demo/assets/img/team/team_1_3.png]
[html.themehour.net/faren/demo/assets/img/team/team_1_4.png]
[html.themehour.net/faren/demo/assets/img/team/team_1_5.png]
[html.themehour.net/faren/demo/assets/img/team/team_1_6.png]
[html.themehour.net/faren/demo/index.html]
[html.themehour.net/faren/demo/assets/img/logo.svg]
[html.themehour.net/faren/demo/assets/img/bg/breadcumb-bg.jpg]
[html.themehour.net/faren/demo/assets/img/shape/scale.png]
[html.themehour.net/faren/demo/assets/img/blog/blog-s-1-1.jpg]
[html.themehour.net/faren/demo/assets/img/blog/blog-s-1-2.jpg]
[html.themehour.net/faren/demo/assets/img/icon/quote.svg]
[html.themehour.net/faren/demo/assets/img/icon/signature.svg]
[html.themehour.net/faren/demo/assets/img/blog/blog_inner_1.jpg]
[html.themehour.net/faren/demo/assets/img/blog/blog_inner_2.jpg]
[html.themehour.net/faren/demo/assets/img/blog/blog-s-1-3.jpg]
[html.themehour.net/faren/demo/assets/img/blog/blog-nav-1.jpg]
[html.themehour.net/faren/demo/assets/img/icon/left-arrow.svg]
[html.themehour.net/faren/demo/assets/img/blog/blog-nav-2.jpg]
[html.themehour.net/faren/demo/assets/img/icon/right-arrow.svg]
[html.themehour.net/faren/demo/assets/img/footer-logo.svg]
[html.themehour.net/faren/demo/assets/img/bg/footer-img-1.jpg]
[html.themehour.net/faren/demo/assets/img/bg/footer-img-2.jpg]
[html.themehour.net/faren/demo/assets/img/bg/footer-img-3.jpg]
[html.themehour.net/faren/demo/assets/img/bg/footer-img-4.jpg]
[html.themehour.net/faren/demo/assets/img/bg/copyright-footer.jpg]
[html.themehour.net/faren/demo/blog-details.html]
[html.themehour.net/faren/demo/assets/img/blog/blog-s-1-4.jpg]
[html.themehour.net/faren/demo/blog.html]
[html.themehour.net/faren/demo/home-interior.html]
[html.themehour.net/faren/demo/assets/img/icon/star.svg]
[html.themehour.net/faren/demo/assets/img/icon/star2.svg]
[html.themehour.net/faren/demo/assets/img/hero/hero_2_1.png]
[html.themehour.net/faren/demo/assets/img/icon/arrow-right3.svg]
[html.themehour.net/faren/demo/assets/img/hero/hero_2_2.png]
[html.themehour.net/faren/demo/assets/img/hero/hero_2_3.png]
[html.themehour.net/faren/demo/assets/img/normal/about_2_1.jpg]
[html.themehour.net/faren/demo/assets/img/normal/about_2_2.jpg]
[html.themehour.net/faren/demo/assets/img/icon/feature_1_1.svg]
[html.themehour.net/faren/demo/assets/img/icon/feature_1_2.svg]
[html.themehour.net/faren/demo/assets/img/icon/feature_1_3.svg]
[html.themehour.net/faren/demo/assets/img/icon/feature_1_4.svg]
[html.themehour.net/faren/demo/assets/img/normal/author-1.png]
[html.themehour.net/faren/demo/assets/img/normal/signature.png]
[html.themehour.net/faren/demo/assets/img/shape/element-1.png]
[html.themehour.net/faren/demo/assets/img/service/service_2_1.jpg]
[html.themehour.net/faren/demo/assets/img/service/service_2_2.jpg]
[html.themehour.net/faren/demo/assets/img/service/service_2_3.jpg]
[html.themehour.net/faren/demo/assets/img/process/process-img-1.jpg]
[html.themehour.net/faren/demo/assets/img/process/process-img-2.jpg]
[html.themehour.net/faren/demo/assets/img/process/process-img-3.jpg]
[html.themehour.net/faren/demo/assets/img/project/project_2_1.jpg]
[html.themehour.net/faren/demo/assets/img/project/project_thumb_1.jpg]
[html.themehour.net/faren/demo/assets/img/project/project_2_2.jpg]
[html.themehour.net/faren/demo/assets/img/testimonial/testi_2_1.png]
[html.themehour.net/faren/demo/assets/img/testimonial/testi_2_2.png]
[html.themehour.net/faren/demo/assets/img/testimonial/testi_2_3.png]
[html.themehour.net/faren/demo/assets/img/testimonial/testi_2_4.png]
[html.themehour.net/faren/demo/assets/img/icon/star3.svg]
[html.themehour.net/faren/demo/assets/img/bg/gallery_bg_1.jpg]
[html.themehour.net/faren/demo/assets/img/gallery/gallery_2_1.jpg]
[html.themehour.net/faren/demo/assets/img/gallery/gallery_2_2.jpg]
[html.themehour.net/faren/demo/assets/img/gallery/gallery_2_3.jpg]
[html.themehour.net/faren/demo/assets/img/gallery/gallery_2_4.jpg]
[html.themehour.net/faren/demo/assets/img/gallery/gallery_2_5.jpg]
[html.themehour.net/faren/demo/assets/img/gallery/gallery_2_6.jpg]
[html.themehour.net/faren/demo/assets/img/bg/dot_bg_1.png]
[html.themehour.net/faren/demo/assets/img/normal/award-img-1.png]
[html.themehour.net/faren/demo/assets/img/icon/award-1.svg]
[html.themehour.net/faren/demo/assets/img/icon/right-arrow2.svg]
[html.themehour.net/faren/demo/assets/img/normal/award-img-2.png]
[html.themehour.net/faren/demo/assets/img/icon/award-2.svg]
[html.themehour.net/faren/demo/assets/img/normal/award-img-3.png]
[html.themehour.net/faren/demo/assets/img/icon/award-3.svg]
[html.themehour.net/faren/demo/assets/img/normal/award-img-4.png]
[html.themehour.net/faren/demo/assets/img/icon/award-4.svg]
[html.themehour.net/faren/demo/assets/img/bg/video_1_1.jpg]
[html.themehour.net/faren/demo/assets/img/bg/video_1_2.jpg]
[html.themehour.net/faren/demo/assets/img/bg/video_1_3.jpg]
[html.themehour.net/faren/demo/assets/img/icon/right-arrow4.svg]
[html.themehour.net/faren/demo/assets/img/icon/left-arrow4.svg]
[html.themehour.net/faren/demo/assets/img/normal/price-img.jpg]
[html.themehour.net/faren/demo/assets/img/normal/faq-img.jpg]
[html.themehour.net/faren/demo/assets/img/normal/contact-img-1.jpg]
[html.themehour.net/faren/demo/assets/img/normal/contact-img-2.jpg]
[html.themehour.net/faren/demo/assets/img/normal/contact-img-3.jpg]
[html.themehour.net/faren/demo/assets/img/normal/contact-img-4.jpg]
[html.themehour.net/faren/demo/assets/img/shape/element-6.png]
[html.themehour.net/faren/demo/assets/img/blog/blog_4_1.jpg]
[html.themehour.net/faren/demo/assets/img/blog/blog_4_2.jpg]
[html.themehour.net/faren/demo/assets/img/blog/blog_4_3.jpg]
[html.themehour.net/faren/demo/assets/img/brand/brand_1_1.svg]
[html.themehour.net/faren/demo/assets/img/brand/brand_1_2.svg]
[html.themehour.net/faren/demo/assets/img/brand/brand_1_3.svg]
[html.themehour.net/faren/demo/assets/img/brand/brand_1_4.svg]
[html.themehour.net/faren/demo/assets/img/brand/brand_1_5.svg]
[html.themehour.net/faren/demo/home-architecture.html]
[html.themehour.net/faren/demo/assets/img/hero/hero_3_1.jpg]
[html.themehour.net/faren/demo/assets/img/hero/hero_3_1_2.jpg]
[html.themehour.net/faren/demo/assets/img/hero/hero_3_1_3.jpg]
[html.themehour.net/faren/demo/assets/img/hero/hero_3_img.jpg]
[html.themehour.net/faren/demo/assets/img/normal/about-shape2.png]
[html.themehour.net/faren/demo/assets/img/normal/about_3_1.jpg]
[html.themehour.net/faren/demo/assets/img/normal/about-shape5.png]
[html.themehour.net/faren/demo/assets/img/normal/about_3_2.jpg]
[html.themehour.net/faren/demo/assets/img/normal/about-shape4.png]
[html.themehour.net/faren/demo/assets/img/normal/signature2.png]
[html.themehour.net/faren/demo/assets/img/shape/element-3.png]
[html.themehour.net/faren/demo/assets/img/icon/choose_1_1.svg]
[html.themehour.net/faren/demo/assets/img/icon/choose_1_2.svg]
[html.themehour.net/faren/demo/assets/img/normal/choose-img.jpg]
[html.themehour.net/faren/demo/assets/img/icon/choose_1_3.svg]
[html.themehour.net/faren/demo/assets/img/icon/choose_1_4.svg]
[html.themehour.net/faren/demo/assets/img/bg/video_bg_2.jpg]
[html.themehour.net/faren/demo/assets/img/normal/video-img.jpg]
[html.themehour.net/faren/demo/assets/img/project/project_3_1.jpg]
[html.themehour.net/faren/demo/assets/img/project/project_3_2.jpg]
[html.themehour.net/faren/demo/assets/img/project/project_3_3.jpg]
[html.themehour.net/faren/demo/assets/img/project/project_3_4.jpg]
[html.themehour.net/faren/demo/assets/img/project/project_3_5.jpg]
[html.themehour.net/faren/demo/assets/img/project/project_3_6.jpg]
[html.themehour.net/faren/demo/assets/img/service/service_3_1.jpg]
[html.themehour.net/faren/demo/assets/img/icon/service_2_1.svg]
[html.themehour.net/faren/demo/assets/img/service/service_3_2.jpg]
[html.themehour.net/faren/demo/assets/img/icon/service_2_2.svg]
[html.themehour.net/faren/demo/assets/img/service/service_3_3.jpg]
[html.themehour.net/faren/demo/assets/img/icon/service_2_3.svg]
[html.themehour.net/faren/demo/assets/img/normal/material_1_1.jpg]
[html.themehour.net/faren/demo/assets/img/normal/material_1_2.jpg]
[html.themehour.net/faren/demo/assets/img/normal/material_1_3.jpg]
[html.themehour.net/faren/demo/assets/img/testimonial/testi-1-1.jpg]
[html.themehour.net/faren/demo/assets/img/testimonial/testi-1-2.jpg]
[html.themehour.net/faren/demo/assets/img/testimonial/testi-1-3.jpg]
[html.themehour.net/faren/demo/assets/img/testimonial/testi-1-4.jpg]
[html.themehour.net/faren/demo/assets/img/testimonial/testi-image.jpg]
[html.themehour.net/faren/demo/assets/img/icon/quote3.svg]
[html.themehour.net/faren/demo/assets/img/testimonial/testi_3_1.jpg]
[html.themehour.net/faren/demo/assets/img/testimonial/testi_3_2.jpg]
[html.themehour.net/faren/demo/assets/img/testimonial/testi_3_3.jpg]
[html.themehour.net/faren/demo/assets/img/normal/contact-shape.png]
[html.themehour.net/faren/demo/assets/img/normal/contact-1-1.jpg]
[html.themehour.net/faren/demo/assets/img/normal/contact-shape2.png]
[html.themehour.net/faren/demo/assets/img/blog/blog_2_1.jpg]
[html.themehour.net/faren/demo/assets/img/blog/blog_2_2.jpg]
[html.themehour.net/faren/demo/assets/img/shape/element-2.png]
[html.themehour.net/faren/demo/assets/img/gallery/gallery_3_1.jpg]
[html.themehour.net/faren/demo/assets/img/gallery/gallery_3_2.jpg]
[html.themehour.net/faren/demo/assets/img/gallery/gallery_3_3.jpg]
[html.themehour.net/faren/demo/assets/img/gallery/gallery_3_5.jpg]
[html.themehour.net/faren/demo/assets/img/gallery/gallery_3_4.jpg]
[html.themehour.net/faren/demo/assets/img/gallery/gallery_3_6.jpg]
[html.themehour.net/faren/demo/assets/img/gallery/gallery_3_7.jpg]
[html.themehour.net/faren/demo/assets/img/gallery/gallery_3_8.jpg]
[html.themehour.net/faren/demo/assets/img/shape/shape-img4.png]
[html.themehour.net/faren/demo/assets/img/shape/shape-img5.png]
[html.themehour.net/faren/demo/assets/img/shape/shape-img6.png]
[html.themehour.net/faren/demo/assets/img/bg/footer-2-1.jpg]
[html.themehour.net/faren/demo/assets/img/bg/footer-2-2.jpg]
[html.themehour.net/faren/demo/assets/img/bg/footer-2-3.jpg]
[html.themehour.net/faren/demo/assets/img/bg/footer-2-4.jpg]
[html.themehour.net/faren/demo/home-minimalist-luxury.html]
[html.themehour.net/faren/demo/assets/img/normal/video-img.png]
[html.themehour.net/faren/demo/assets/img/icon/hero-left-arrow.svg]
[html.themehour.net/faren/demo/assets/img/icon/hero-right-arrow.svg]
[html.themehour.net/faren/demo/assets/img/shape/video-img.png]
[html.themehour.net/faren/demo/assets/img/shape/avater.png]
[html.themehour.net/faren/demo/assets/img/normal/cta-img-1.jpg]
[html.themehour.net/faren/demo/assets/img/normal/cta-img-2.jpg]
[html.themehour.net/faren/demo/assets/img/normal/cta-img-3.jpg]
[html.themehour.net/faren/demo/assets/img/normal/cta-img-4.jpg]
[html.themehour.net/faren/demo/assets/img/shape/element-5.png]
[html.themehour.net/faren/demo/assets/img/normal/about_10_1.jpg]
[html.themehour.net/faren/demo/assets/img/icon/about-feature-1.svg]
[html.themehour.net/faren/demo/assets/img/icon/about-feature-2.svg]
[html.themehour.net/faren/demo/assets/img/service/ser_1_1.jpg]
[html.themehour.net/faren/demo/assets/img/service/ser_1.jpg]
[html.themehour.net/faren/demo/assets/img/service/ser_3_1.jpg]
[html.themehour.net/faren/demo/assets/img/service/ser_1_3.jpg]
[html.themehour.net/faren/demo/assets/img/service/ser_3.jpg]
[html.themehour.net/faren/demo/assets/img/service/ser_1_4.jpg]
[html.themehour.net/faren/demo/assets/img/service/ser_4.jpg]
[html.themehour.net/faren/demo/assets/img/service/ser_1_5.jpg]
[html.themehour.net/faren/demo/assets/img/service/ser_5.jpg]
[html.themehour.net/faren/demo/assets/img/process/process_2_1.jpg]
[html.themehour.net/faren/demo/assets/img/process/process_2_2.jpg]
[html.themehour.net/faren/demo/assets/img/bg/dots_bg_1.png]
[html.themehour.net/faren/demo/assets/img/project/project_9_1.jpg]
[html.themehour.net/faren/demo/assets/img/project/project_9_2.jpg]
[html.themehour.net/faren/demo/assets/img/project/project_9_3.jpg]
[html.themehour.net/faren/demo/assets/img/project/project_9_4.jpg]
[html.themehour.net/faren/demo/assets/img/project/project_9_5.jpg]
[html.themehour.net/faren/demo/assets/img/icon/prev.svg]
[html.themehour.net/faren/demo/assets/img/icon/next.svg]
[html.themehour.net/faren/demo/assets/img/project/project_9_6.jpg]
[html.themehour.net/faren/demo/assets/img/project/project_9_7.jpg]
[html.themehour.net/faren/demo/assets/img/project/project_9_8.jpg]
[html.themehour.net/faren/demo/assets/img/project/project_9_9.jpg]
[html.themehour.net/faren/demo/assets/img/project/project_9_10.jpg]
[html.themehour.net/faren/demo/assets/img/project/project_9_11.jpg]
[html.themehour.net/faren/demo/assets/img/project/project_9_12.jpg]
[html.themehour.net/faren/demo/assets/img/project/project_9_13.jpg]
[html.themehour.net/faren/demo/assets/img/project/project_9_14.jpg]
[html.themehour.net/faren/demo/assets/img/project/project_9_15.jpg]
[html.themehour.net/faren/demo/assets/img/project/project_9_16.jpg]
[html.themehour.net/faren/demo/assets/img/project/project_9_17.jpg]
[html.themehour.net/faren/demo/assets/img/project/project_9_18.jpg]
[html.themehour.net/faren/demo/assets/img/project/project_9_19.jpg]
[html.themehour.net/faren/demo/assets/img/project/project_9_20.jpg]
[html.themehour.net/faren/demo/assets/img/project/project_9_21.jpg]
[html.themehour.net/faren/demo/assets/img/project/project_9_22.jpg]
[html.themehour.net/faren/demo/assets/img/project/project_9_23.jpg]
[html.themehour.net/faren/demo/assets/img/normal/video3-1.png]
[html.themehour.net/faren/demo/assets/img/testimonial/testi_6_1.png]
[html.themehour.net/faren/demo/assets/img/testimonial/testi_6_2.png]
[html.themehour.net/faren/demo/assets/img/normal/award-1-1.png]
[html.themehour.net/faren/demo/assets/img/normal/award-1-2.png]
[html.themehour.net/faren/demo/assets/img/normal/award-1-3.png]
[html.themehour.net/faren/demo/assets/img/normal/award-1-4.png]
[html.themehour.net/faren/demo/assets/img/normal/faq-img2.jpg]
[html.themehour.net/faren/demo/assets/img/shape/element-10.png]
[html.themehour.net/faren/demo/assets/img/normal/contact-4-1.jpg]
[html.themehour.net/faren/demo/assets/img/normal/contact-4-2.jpg]
[html.themehour.net/faren/demo/assets/img/normal/contact-4-3.jpg]
[html.themehour.net/faren/demo/assets/img/normal/contact-4-4.jpg]
[html.themehour.net/faren/demo/assets/img/blog/blog_9_1.jpg]
[html.themehour.net/faren/demo/assets/img/blog/blog_9_2.jpg]
[html.themehour.net/faren/demo/assets/img/blog/blog_9_3.jpg]
[html.themehour.net/faren/demo/assets/img/bg/footer-1-1.jpg]
[html.themehour.net/faren/demo/assets/img/bg/footer-1-2.jpg]
[html.themehour.net/faren/demo/assets/img/bg/footer-1-3.jpg]
[html.themehour.net/faren/demo/assets/img/bg/footer-1-4.jpg]
[html.themehour.net/faren/demo/assets/img/bg/copyright-footer2.jpg]
[html.themehour.net/faren/demo/home-hotel-hospitality-design.html]
[html.themehour.net/faren/demo/assets/img/normal/about_9_1.jpg]
[html.themehour.net/faren/demo/assets/img/normal/about_9_2.jpg]
[html.themehour.net/faren/demo/assets/img/service/service_6_1.jpg]
[html.themehour.net/faren/demo/assets/img/service/service_6_2.jpg]
[html.themehour.net/faren/demo/assets/img/service/service_6_3.jpg]
[html.themehour.net/faren/demo/assets/img/service/service_6_4.jpg]
[html.themehour.net/faren/demo/assets/img/project/project_7_1.jpg]
[html.themehour.net/faren/demo/assets/img/project/project_7_2.jpg]
[html.themehour.net/faren/demo/assets/img/project/project_7_3.jpg]
[html.themehour.net/faren/demo/assets/img/normal/choose-img.png]
[html.themehour.net/faren/demo/assets/img/team/team_4_1.png]
[html.themehour.net/faren/demo/assets/img/team/pattern.png]
[html.themehour.net/faren/demo/assets/img/team/team_4_2.png]
[html.themehour.net/faren/demo/assets/img/team/team_4_3.png]
[html.themehour.net/faren/demo/assets/img/team/team_4_4.png]
[html.themehour.net/faren/demo/assets/img/gallery/gallery_10_1.jpg]
[html.themehour.net/faren/demo/assets/img/gallery/gallery_10_2.jpg]
[html.themehour.net/faren/demo/assets/img/gallery/gallery_10_3.jpg]
[html.themehour.net/faren/demo/assets/img/gallery/gallery_10_4.jpg]
[html.themehour.net/faren/demo/assets/img/gallery/gallery_10_5.jpg]
[html.themehour.net/faren/demo/assets/img/gallery/gallery_10_6.jpg]
[html.themehour.net/faren/demo/assets/img/gallery/gallery_10_7.jpg]
[html.themehour.net/faren/demo/assets/img/shape/bg-element.png]
[html.themehour.net/faren/demo/assets/img/bg/contact_bg_1.jpg]
[html.themehour.net/faren/demo/assets/img/shape/element-8.png]
[html.themehour.net/faren/demo/assets/img/testimonial/testi-img-1.png]
[html.themehour.net/faren/demo/assets/img/testimonial/testi-img-2.png]
[html.themehour.net/faren/demo/assets/img/testimonial/testi-img-3.png]
[html.themehour.net/faren/demo/assets/img/testimonial/testi-img-4.png]
[html.themehour.net/faren/demo/assets/img/testimonial/testi-img-5.png]
[html.themehour.net/faren/demo/assets/img/blog/blog_7_1.jpg]
[html.themehour.net/faren/demo/assets/img/blog/blog_7_2.jpg]
[html.themehour.net/faren/demo/home-green-architecture.html]
[html.themehour.net/faren/demo/assets/img/hero/hero_7_1.jpg]
[html.themehour.net/faren/demo/assets/img/hero/hero_small_1.png]
[html.themehour.net/faren/demo/assets/img/hero/hero_7_2.jpg]
[html.themehour.net/faren/demo/assets/img/hero/hero_small_2.png]
[html.themehour.net/faren/demo/assets/img/hero/hero_7_3.jpg]
[html.themehour.net/faren/demo/assets/img/hero/hero_small_3.png]
[html.themehour.net/faren/demo/assets/img/normal/about_4_1.jpg]
[html.themehour.net/faren/demo/assets/img/shape/arrow-right.png]
[html.themehour.net/faren/demo/assets/img/normal/about_4_2.jpg]
[html.themehour.net/faren/demo/assets/img/shape/ser-right-arrow.svg]
[html.themehour.net/faren/demo/assets/img/service/service_7_1.jpg]
[html.themehour.net/faren/demo/assets/img/service/service_7_2.jpg]
[html.themehour.net/faren/demo/assets/img/service/service_7_3.jpg]
[html.themehour.net/faren/demo/assets/img/service/service_7_4.jpg]
[html.themehour.net/faren/demo/assets/img/service/service_7_5.jpg]
[html.themehour.net/faren/demo/assets/img/service/service_7_6.jpg]
[html.themehour.net/faren/demo/assets/img/project/project_8_1.jpg]
[html.themehour.net/faren/demo/assets/img/project/project_8_2.jpg]
[html.themehour.net/faren/demo/assets/img/project/project_8_3.jpg]
[html.themehour.net/faren/demo/assets/img/project/project_8_4.jpg]
[html.themehour.net/faren/demo/assets/img/project/project_8_5.jpg]
[html.themehour.net/faren/demo/assets/img/project/project_8_6.jpg]
[html.themehour.net/faren/demo/assets/img/shape/element-17.png]
[html.themehour.net/faren/demo/assets/img/shape/element-18.png]
[html.themehour.net/faren/demo/assets/img/bg/video_bg_4.jpg]
[html.themehour.net/faren/demo/assets/img/bg/video.mp4]
[html.themehour.net/faren/demo/assets/img/shape/element-19.png]
[html.themehour.net/faren/demo/assets/img/normal/contact-2-1.jpg]
[html.themehour.net/faren/demo/assets/img/normal/contact-2-2.jpg]
[html.themehour.net/faren/demo/assets/img/normal/contact-2-3.jpg]
[html.themehour.net/faren/demo/assets/img/normal/contact-2-4.jpg]
[html.themehour.net/faren/demo/assets/img/blog/blog_8_1.jpg]
[html.themehour.net/faren/demo/assets/img/blog/blog_8_2.jpg]
[html.themehour.net/faren/demo/assets/img/blog/blog_8_3.jpg]
[html.themehour.net/faren/demo/assets/img/widget/gallery_2_1.jpg]
[html.themehour.net/faren/demo/assets/img/widget/gallery_2_2.jpg]
[html.themehour.net/faren/demo/assets/img/widget/gallery_2_3.jpg]
[html.themehour.net/faren/demo/assets/img/widget/gallery_2_4.jpg]
[html.themehour.net/faren/demo/assets/img/widget/gallery_2_5.jpg]
[html.themehour.net/faren/demo/assets/img/widget/gallery_2_6.jpg]
[html.themehour.net/faren/demo/home-industrial-factory-design.html]
[html.themehour.net/faren/demo/assets/img/hero/hero-image.jpg]
[html.themehour.net/faren/demo/assets/img/hero/hero-img6.png]
[html.themehour.net/faren/demo/assets/img/hero/hero-thumb-img.png]
[html.themehour.net/faren/demo/assets/img/normal/signature4.png]
[html.themehour.net/faren/demo/assets/img/normal/about_8_1.jpg]
[html.themehour.net/faren/demo/assets/img/normal/about_8_2.jpg]
[html.themehour.net/faren/demo/assets/img/normal/about_8_3.jpg]
[html.themehour.net/faren/demo/assets/img/service/service_5_1.jpg]
[html.themehour.net/faren/demo/assets/img/service/service_5_2.jpg]
[html.themehour.net/faren/demo/assets/img/service/service_5_3.jpg]
[html.themehour.net/faren/demo/assets/img/property/property_1_1.jpg]
[html.themehour.net/faren/demo/assets/img/property/property_1_2.jpg]
[html.themehour.net/faren/demo/assets/img/property/property_1_3.jpg]
[html.themehour.net/faren/demo/assets/img/property/property_1_4.jpg]
[html.themehour.net/faren/demo/assets/img/bg/video_bg_3.jpg]
[html.themehour.net/faren/demo/assets/img/normal/work-img.png]
[html.themehour.net/faren/demo/assets/img/testimonial/testi_5_1.png]
[html.themehour.net/faren/demo/assets/img/icon/quote5.svg]
[html.themehour.net/faren/demo/assets/img/testimonial/testi_5_2.png]
[html.themehour.net/faren/demo/assets/img/testimonial/testi_5_3.png]
[html.themehour.net/faren/demo/assets/img/project/project_6_1.jpg]
[html.themehour.net/faren/demo/assets/img/project/project_6_2.jpg]
[html.themehour.net/faren/demo/assets/img/project/project_6_3.jpg]
[html.themehour.net/faren/demo/assets/img/project/project_6_4.jpg]
[html.themehour.net/faren/demo/assets/img/project/project_6_5.jpg]
[html.themehour.net/faren/demo/assets/img/shape/element-7.png]
[html.themehour.net/faren/demo/assets/img/blog/blog_6_1.jpg]
[html.themehour.net/faren/demo/assets/img/blog/blog_6_2.jpg]
[html.themehour.net/faren/demo/assets/img/blog/blog_6_3.jpg]
[html.themehour.net/faren/demo/home-real-estate-architural-solutions.html]
[html.themehour.net/faren/demo/assets/img/hero/hero_3_2.jpg]
[html.themehour.net/faren/demo/assets/img/hero/hero_3_2_2.jpg]
[html.themehour.net/faren/demo/assets/img/hero/hero_3_2_3.jpg]
[html.themehour.net/faren/demo/assets/img/hero/hero_img_light.jpg]
[html.themehour.net/faren/demo/assets/img/normal/about_light_1.jpg]
[html.themehour.net/faren/demo/assets/img/normal/about_light_2.jpg]
[html.themehour.net/faren/demo/assets/img/normal/about-shape3.png]
[html.themehour.net/faren/demo/assets/img/normal/choose-img2.jpg]
[html.themehour.net/faren/demo/assets/img/bg/video_bg_light.jpg]
[html.themehour.net/faren/demo/assets/img/normal/video-img-light.jpg]
[html.themehour.net/faren/demo/assets/img/project/project_5_1.jpg]
[html.themehour.net/faren/demo/assets/img/project/project_5_2.jpg]
[html.themehour.net/faren/demo/assets/img/project/project_5_3.jpg]
[html.themehour.net/faren/demo/assets/img/project/project_5_4.jpg]
[html.themehour.net/faren/demo/assets/img/project/project_5_5.jpg]
[html.themehour.net/faren/demo/assets/img/project/project_5_6.jpg]
[html.themehour.net/faren/demo/assets/img/testimonial/testi-2-1.jpg]
[html.themehour.net/faren/demo/assets/img/testimonial/testi-2-2.jpg]
[html.themehour.net/faren/demo/assets/img/testimonial/testi-2-3.jpg]
[html.themehour.net/faren/demo/assets/img/testimonial/testi-2-4.jpg]
[html.themehour.net/faren/demo/assets/img/normal/contact-shape-light.png]
[html.themehour.net/faren/demo/assets/img/normal/contact-1-light.jpg]
[html.themehour.net/faren/demo/assets/img/normal/contact-shape2-light.png]
[html.themehour.net/faren/demo/assets/img/blog/blog_5_1.jpg]
[html.themehour.net/faren/demo/assets/img/blog/blog_5_2.jpg]
[html.themehour.net/faren/demo/assets/img/gallery/gallery_6_1.jpg]
[html.themehour.net/faren/demo/assets/img/gallery/gallery_6_2.jpg]
[html.themehour.net/faren/demo/assets/img/gallery/gallery_6_3.jpg]
[html.themehour.net/faren/demo/assets/img/gallery/gallery_6_5.jpg]
[html.themehour.net/faren/demo/assets/img/gallery/gallery_6_4.jpg]
[html.themehour.net/faren/demo/assets/img/gallery/gallery_6_6.jpg]
[html.themehour.net/faren/demo/assets/img/gallery/gallery_6_7.jpg]
[html.themehour.net/faren/demo/assets/img/gallery/gallery_6_8.jpg]
[html.themehour.net/faren/demo/assets/img/shape/shape-img7.png]
[html.themehour.net/faren/demo/assets/img/shape/shape-img8.png]
[html.themehour.net/faren/demo/home-minimalist-luxury-light.html]
[html.themehour.net/faren/demo/assets/img/shape/shape-img9.png]
[html.themehour.net/faren/demo/assets/img/logo-white2.svg]
[html.themehour.net/faren/demo/assets/img/icon/call.svg]
[html.themehour.net/faren/demo/assets/img/hero/hero_4_1.jpg]
[html.themehour.net/faren/demo/assets/img/hero/hero_4_2.jpg]
[html.themehour.net/faren/demo/assets/img/hero/hero_4_3.jpg]
[html.themehour.net/faren/demo/assets/img/normal/story-1.jpg]
[html.themehour.net/faren/demo/assets/img/normal/story-2.jpg]
[html.themehour.net/faren/demo/assets/img/normal/story-3.jpg]
[html.themehour.net/faren/demo/assets/img/normal/star.png]
[html.themehour.net/faren/demo/assets/img/normal/signature3.png]
[html.themehour.net/faren/demo/assets/img/icon/1.svg]
[html.themehour.net/faren/demo/assets/img/icon/2.svg]
[html.themehour.net/faren/demo/assets/img/icon/3.svg]
[html.themehour.net/faren/demo/assets/img/icon/4.svg]
[html.themehour.net/faren/demo/assets/img/gallery/gallery_5_1.jpg]
[html.themehour.net/faren/demo/assets/img/gallery/gallery_5_2.jpg]
[html.themehour.net/faren/demo/assets/img/gallery/gallery_5_3.jpg]
[html.themehour.net/faren/demo/assets/img/gallery/gallery_5_4.jpg]
[html.themehour.net/faren/demo/assets/img/gallery/gallery_5_5.jpg]
[html.themehour.net/faren/demo/assets/img/gallery/gallery_5_6.jpg]
[html.themehour.net/faren/demo/assets/img/normal/contact-3-1.jpg]
[html.themehour.net/faren/demo/assets/img/bg/service_bg_1.jpg]
[html.themehour.net/faren/demo/assets/img/service/ser_2_1.jpg]
[html.themehour.net/faren/demo/assets/img/service/ser_2_1_1.jpg]
[html.themehour.net/faren/demo/assets/img/service/ser_1_2.jpg]
[html.themehour.net/faren/demo/assets/img/service/ser_2.jpg]
[html.themehour.net/faren/demo/assets/img/project/project_4_1.jpg]
[html.themehour.net/faren/demo/assets/img/icon/project-icon.svg]
[html.themehour.net/faren/demo/assets/img/project/project_4_2.jpg]
[html.themehour.net/faren/demo/assets/img/project/project_4_3.jpg]
[html.themehour.net/faren/demo/assets/img/shape/counter-number.png]
[html.themehour.net/faren/demo/assets/img/icon/choose_2_1.svg]
[html.themehour.net/faren/demo/assets/img/icon/choose_2_2.svg]
[html.themehour.net/faren/demo/assets/img/icon/choose_2_3.svg]
[html.themehour.net/faren/demo/assets/img/icon/choose_2_4.svg]
[html.themehour.net/faren/demo/assets/img/shape/timeline.png]
[html.themehour.net/faren/demo/assets/img/service/service_4_1.jpg]
[html.themehour.net/faren/demo/assets/img/service/service_4_2.jpg]
[html.themehour.net/faren/demo/assets/img/service/service_4_3.jpg]
[html.themehour.net/faren/demo/assets/img/service/service_4_4.jpg]
[html.themehour.net/faren/demo/assets/img/testimonial/testi_4_1.png]
[html.themehour.net/faren/demo/assets/img/icon/quote4.svg]
[html.themehour.net/faren/demo/assets/img/testimonial/testi_4_2.png]
[html.themehour.net/faren/demo/assets/img/blog/blog_3_1.jpg]
[html.themehour.net/faren/demo/assets/img/blog/blog_3_2.jpg]
[html.themehour.net/faren/demo/assets/img/blog/blog_3_3.jpg]
[html.themehour.net/faren/demo/assets/img/widget/gallery_1_1.jpg]
[html.themehour.net/faren/demo/assets/img/widget/gallery_1_2.jpg]
[html.themehour.net/faren/demo/assets/img/widget/gallery_1_3.jpg]
[html.themehour.net/faren/demo/assets/img/widget/gallery_1_4.jpg]
[html.themehour.net/faren/demo/assets/img/widget/gallery_1_5.jpg]
[html.themehour.net/faren/demo/assets/img/widget/gallery_1_6.jpg]
[html.themehour.net/faren/demo/home-real-estate-property.html]
[html.themehour.net/faren/demo/assets/img/icon/about_1_1.svg]
[html.themehour.net/faren/demo/assets/img/icon/about_1_2.svg]
[html.themehour.net/faren/demo/assets/img/icon/about_1_3.svg]
[html.themehour.net/faren/demo/assets/img/normal/about_6_1.jpg]
[html.themehour.net/faren/demo/assets/img/normal/counter-img.jpg]
[html.themehour.net/faren/demo/assets/img/team/team_3_1.png]
[html.themehour.net/faren/demo/assets/img/team/team_3_2.png]
[html.themehour.net/faren/demo/assets/img/team/team_3_3.png]
[html.themehour.net/faren/demo/assets/img/team/team_3_4.png]
[html.themehour.net/faren/demo/assets/img/icon/service_3_1.svg]
[html.themehour.net/faren/demo/assets/img/normal/faq-img2.png]
[html.themehour.net/faren/demo/about.html]
[html.themehour.net/faren/demo/assets/img/normal/about_5_1.jpg]
[html.themehour.net/faren/demo/assets/img/normal/about_5_2.jpg]
[html.themehour.net/faren/demo/assets/img/normal/about_5_3.jpg]
[html.themehour.net/faren/demo/assets/img/normal/about_5_4.jpg]
[html.themehour.net/faren/demo/assets/img/normal/award-2-1.png]
[html.themehour.net/faren/demo/assets/img/shape/element-4.png]
[html.themehour.net/faren/demo/about-2.html]
[html.themehour.net/faren/demo/assets/img/service/service_2_4.jpg]
[html.themehour.net/faren/demo/assets/img/service/service_2_5.jpg]
[html.themehour.net/faren/demo/assets/img/service/service_2_6.jpg]
[html.themehour.net/faren/demo/assets/img/service/service_2_7.jpg]
[html.themehour.net/faren/demo/assets/img/service/service_2_8.jpg]
[html.themehour.net/faren/demo/assets/img/service/service_2_9.jpg]
[html.themehour.net/faren/demo/service.html]
[html.themehour.net/faren/demo/assets/img/service/service_details.jpg]
[html.themehour.net/faren/demo/assets/img/service/service_inner_1.jpg]
[html.themehour.net/faren/demo/assets/img/service/service_inner_2.jpg]
[html.themehour.net/faren/demo/assets/img/normal/contact-image-1.jpg]
[html.themehour.net/faren/demo/assets/img/normal/contact-image-2.jpg]
[html.themehour.net/faren/demo/assets/img/normal/contact-image-3.jpg]
[html.themehour.net/faren/demo/service-details.html]
[html.themehour.net/faren/demo/assets/img/normal/contact-image-4.jpg]
[html.themehour.net/faren/demo/assets/img/project/project_img_1.jpg]
[html.themehour.net/faren/demo/assets/img/project/project_img_2.jpg]
[html.themehour.net/faren/demo/assets/img/project/project_img_3.jpg]
[html.themehour.net/faren/demo/assets/img/project/project_img_4.jpg]
[html.themehour.net/faren/demo/assets/img/project/project_img_5.jpg]
[html.themehour.net/faren/demo/assets/img/project/project_img_6.jpg]
[html.themehour.net/faren/demo/assets/img/project/project_img_7.jpg]
[html.themehour.net/faren/demo/assets/img/project/project_img_8.jpg]
[html.themehour.net/faren/demo/assets/img/project/project-img-1.png]
[html.themehour.net/faren/demo/project.html]
[html.themehour.net/faren/demo/assets/img/project/project_details.jpg]
[html.themehour.net/faren/demo/assets/img/project/project_inner_1.jpg]
[html.themehour.net/faren/demo/assets/img/project/project_inner_2.jpg]
[html.themehour.net/faren/demo/assets/img/project/project-image.jpg]
[html.themehour.net/faren/demo/assets/img/bg/gallery_bg_2.png]
[html.themehour.net/faren/demo/assets/img/gallery/gallery_4_1.jpg]
[html.themehour.net/faren/demo/assets/img/gallery/gallery_4_2.jpg]
[html.themehour.net/faren/demo/assets/img/gallery/gallery_4_3.jpg]
[html.themehour.net/faren/demo/assets/img/gallery/gallery_4_4.jpg]
[html.themehour.net/faren/demo/assets/img/gallery/gallery_4_5.jpg]
[html.themehour.net/faren/demo/assets/img/gallery/gallery_4_6.jpg]
[html.themehour.net/faren/demo/assets/img/gallery/gallery_4_7.jpg]
[html.themehour.net/faren/demo/assets/img/gallery/gallery_4_8.jpg]
[html.themehour.net/faren/demo/project-details.html]
[html.themehour.net/faren/demo/assets/img/product/product_1_1.jpg]
[html.themehour.net/faren/demo/assets/img/product/product_1_2.jpg]
[html.themehour.net/faren/demo/assets/img/product/product_1_3.jpg]
[html.themehour.net/faren/demo/assets/img/product/product_1_4.jpg]
[html.themehour.net/faren/demo/assets/img/product/product_1_5.jpg]
[html.themehour.net/faren/demo/assets/img/product/product_1_6.jpg]
[html.themehour.net/faren/demo/assets/img/product/product_1_7.jpg]
[html.themehour.net/faren/demo/assets/img/product/product_1_8.jpg]
[html.themehour.net/faren/demo/assets/img/product/product_1_9.jpg]
[html.themehour.net/faren/demo/shop.html]
[html.themehour.net/faren/demo/assets/img/product/single-image-1.jpg]
[html.themehour.net/faren/demo/assets/img/product/single-image-2.jpg]
[html.themehour.net/faren/demo/assets/img/product/single-image-3.jpg]
[html.themehour.net/faren/demo/assets/img/icon/shuffle.svg]
[html.themehour.net/faren/demo/assets/img/shape/cards.png]
[html.themehour.net/faren/demo/assets/img/blog/comment-author-1.jpg]
[html.themehour.net/faren/demo/assets/img/blog/comment-author-2.jpg]
[html.themehour.net/faren/demo/assets/img/blog/comment-author-3.jpg]
[html.themehour.net/faren/demo/assets/img/blog/comment-author-4.jpg]
[html.themehour.net/faren/demo/shop-details.html]
[html.themehour.net/faren/demo/cart.html]
[html.themehour.net/faren/demo/checkout.html]
[html.themehour.net/faren/demo/wishlist.html]
[html.themehour.net/faren/demo/assets/img/blog/blog-grid-1.jpg]
[html.themehour.net/faren/demo/assets/img/blog/blog-grid-2.jpg]
[html.themehour.net/faren/demo/assets/img/blog/blog-grid-3.jpg]
[html.themehour.net/faren/demo/assets/img/blog/blog-grid-4.jpg]
[html.themehour.net/faren/demo/assets/img/blog/blog-grid-5.jpg]
[html.themehour.net/faren/demo/assets/img/blog/blog-grid-6.jpg]
[html.themehour.net/faren/demo/assets/img/blog/blog-grid-7.jpg]
[html.themehour.net/faren/demo/assets/img/blog/blog-grid-8.jpg]
[html.themehour.net/faren/demo/assets/img/blog/blog-grid-9.jpg]
[html.themehour.net/faren/demo/blog-grid.html]
[html.themehour.net/faren/demo/blog-grid-sidebar.html]
[html.themehour.net/faren/demo/team.html]
[html.themehour.net/faren/demo/assets/img/team/team-details.jpg]
[html.themehour.net/faren/demo/assets/img/shape/name.png]
[html.themehour.net/faren/demo/assets/img/team/team_inner_1.jpg]
[html.themehour.net/faren/demo/assets/img/team/team_inner_2.jpg]
[html.themehour.net/faren/demo/assets/img/brand/brand_3_1.svg]
[html.themehour.net/faren/demo/assets/img/brand/brand_3_2.svg]
[html.themehour.net/faren/demo/assets/img/brand/brand_3_3.svg]
[html.themehour.net/faren/demo/assets/img/brand/brand_3_4.svg]
[html.themehour.net/faren/demo/assets/img/bg/offer_bg_1.jpg]
[html.themehour.net/faren/demo/team-details.html]
[html.themehour.net/faren/demo/assets/img/testimonial/testi-img3.jpg]
[html.themehour.net/faren/demo/assets/img/testimonial/testi-img4.jpg]
[html.themehour.net/faren/demo/assets/img/testimonial/testi_1_4.png]
[html.themehour.net/faren/demo/assets/img/testimonial/testi-img5.jpg]
[html.themehour.net/faren/demo/assets/img/testimonial/testi-img6.jpg]
[html.themehour.net/faren/demo/assets/img/testimonial/testi-img7.jpg]
[html.themehour.net/faren/demo/assets/img/testimonial/testi-img8.jpg]
[html.themehour.net/faren/demo/assets/img/testimonial/testi-img9.jpg]
[html.themehour.net/faren/demo/assets/img/testimonial/testi-img10.jpg]
[html.themehour.net/faren/demo/testimonial.html]
[html.themehour.net/faren/demo/pricing.html]
[html.themehour.net/faren/demo/assets/img/gallery/gallery_2_7.jpg]
[html.themehour.net/faren/demo/assets/img/gallery/gallery_2_8.jpg]
[html.themehour.net/faren/demo/assets/img/gallery/gallery_2_9.jpg]
[html.themehour.net/faren/demo/gallery.html]
[html.themehour.net/faren/demo/assets/img/gallery/gallery_8_1.jpg]
[html.themehour.net/faren/demo/assets/img/gallery/gallery_8_2.jpg]
[html.themehour.net/faren/demo/assets/img/gallery/gallery_8_3.jpg]
[html.themehour.net/faren/demo/assets/img/gallery/gallery_8_4.jpg]
[html.themehour.net/faren/demo/assets/img/gallery/gallery_8_5.jpg]
[html.themehour.net/faren/demo/faq.html]
[html.themehour.net/faren/demo/assets/img/theme-img/error.png]
[html.themehour.net/faren/demo/error.html]
[html.themehour.net/faren/demo/assets/img/icon/location-dot.svg]
[html.themehour.net/faren/demo/contact.html]
[html.themehour.net/faren/demo/assets/img/logo-white.svg]
[html.themehour.net/faren/demo/home-interior-op.html]
[html.themehour.net/faren/demo/home-architecture-op.html]
[html.themehour.net/faren/demo/home-minimalist-luxury-op.html]
[html.themehour.net/faren/demo/home-hotel-hospitality-design-op.html]
[html.themehour.net/faren/demo/home-green-architecture-op.html]
[html.themehour.net/faren/demo/home-industrial-factory-design-op.html]
[html.themehour.net/faren/demo/home-real-estate-architural-solutions-op.html]
[html.themehour.net/faren/demo/landscape-exterior-design-op.html]
[html.themehour.net/faren/demo/home-minimalist-luxury-light-op.html]
[html.themehour.net/faren/demo/home-real-estate-property-op.html]
[html.themehour.net/faren/demo/assets/img/hero/star.svg]
[html.themehour.net/faren/demo/assets/img/service/service_details_2.jpg]
[html.themehour.net/faren/demo/assets/img/service/service_inner_1.1.jpg]
[html.themehour.net/faren/demo/assets/img/service/service_inner_2.1.jpg]
[html.themehour.net/faren/demo/assets/img/blog/blog-nav-1.1.jpg]
[html.themehour.net/faren/demo/assets/img/blog/blog-nav-2.1.jpg]
[html.themehour.net/faren/demo/assets/img/normal/contact-image-2-1.jpg]
[html.themehour.net/faren/demo/assets/img/normal/contact-image-3.1.jpg]
[html.themehour.net/faren/demo/assets/img/normal/contact-image-4.1.jpg]
[html.themehour.net/faren/demo/assets/img/testimonial/testi-img1.2.jpg]
[html.themehour.net/faren/demo/assets/img/testimonial/testi-img2.1.jpg]
[html.themehour.net/faren/demo/service-details_2.html]
[html.themehour.net/faren/demo/assets/img/service/service_details_3.jpg]
[html.themehour.net/faren/demo/assets/img/service/service_inner_1.2.jpg]
[html.themehour.net/faren/demo/assets/img/service/service_inner_2.2.jpg]
[html.themehour.net/faren/demo/assets/img/blog/blog-nav-1.2.jpg]
[html.themehour.net/faren/demo/assets/img/blog/blog-nav-2.2.jpg]
[html.themehour.net/faren/demo/assets/img/normal/contact-image-1-1.jpg]
[html.themehour.net/faren/demo/assets/img/normal/contact-image-2-2.jpg]
[html.themehour.net/faren/demo/assets/img/normal/contact-image-3.2.jpg]
[html.themehour.net/faren/demo/assets/img/normal/contact-image-4.2.jpg]
[html.themehour.net/faren/demo/assets/img/testimonial/testi-img1.3.jpg]
[html.themehour.net/faren/demo/assets/img/testimonial/testi-img2.3.jpg]
[html.themehour.net/faren/demo/service-details_3.html]
[html.themehour.net/faren/demo/assets/img/service/service_details_4.jpg]
[html.themehour.net/faren/demo/assets/img/service/service_inner_1.3.jpg]
[html.themehour.net/faren/demo/assets/img/service/service_inner_2.3.jpg]
[html.themehour.net/faren/demo/assets/img/normal/contact-image-1-2.jpg]
[html.themehour.net/faren/demo/assets/img/normal/contact-image-2-3.jpg]
[html.themehour.net/faren/demo/assets/img/normal/contact-image-3.3.jpg]
[html.themehour.net/faren/demo/assets/img/normal/contact-image-4.3.jpg]
[html.themehour.net/faren/demo/assets/img/testimonial/testi-img1.4.jpg]
[html.themehour.net/faren/demo/assets/img/testimonial/testi-img2.4.jpg]
[html.themehour.net/faren/demo/service-details_4.html]
[html.themehour.net/faren/demo/assets/img/shape/element-1.svg]
[html.themehour.net/faren/demo/assets/img/icon/service_1_1.svg]
[html.themehour.net/faren/demo/assets/img/icon/service_1_2.svg]
[html.themehour.net/faren/demo/assets/img/icon/service_1_3.svg]
[html.themehour.net/faren/demo/assets/img/icon/service_1_4.svg]
[html.themehour.net/faren/demo/assets/img/icon/service_1_5.svg]
[html.themehour.net/faren/demo/assets/img/icon/quote2.svg]
[html.themehour.net/faren/demo/doctor-details.html]
[html.themehour.net/faren/demo/assets/css/gallerymodern-webfont.html]
[html.themehour.net/faren/demo/assets/css/gallerymodern-webfont-2.html]
[html.themehour.net/faren/demo/assets/css/gallerymodern-webfont-3.html]
[html.themehour.net/faren/demo/assets/img/icon/arrow-right.svg]
[html.themehour.net/faren/demo/assets/img/theme-img/sub-title.svg]
[html.themehour.net/faren/demo/assets/img/theme-img/sub-title2.svg]
[html.themehour.net/faren/demo/assets/img/shape/star.html]
[html.themehour.net/faren/demo/assets/img/shape/star2.html]
[html.themehour.net/faren/demo/assets/img/shape/shape-1.svg]
[html.themehour.net/faren/demo/assets/img/team/element2.html]
[html.themehour.net/faren/demo/assets/img/icon/cursor.svg]
[html.themehour.net/faren/demo/assets/img/logo2.svg]
[html.themehour.net/faren/demo/assets/img/icon/right-arrow3.svg]
[html.themehour.net/faren/demo/assets/img/icon/left-arrow2.svg]
[html.themehour.net/faren/demo/assets/img/icon/quote.svg]
[html.themehour.net/faren/demo/assets/img/icon/signature.svg]
[html.themehour.net/faren/demo/assets/img/icon/left-arrow.svg]
[html.themehour.net/faren/demo/assets/img/icon/right-arrow.svg]
[html.themehour.net/faren/demo/assets/img/footer-logo.svg]
[html.themehour.net/faren/demo/assets/img/icon/star.svg]
[html.themehour.net/faren/demo/assets/img/icon/star2.svg]
[html.themehour.net/faren/demo/assets/img/icon/arrow-right3.svg]
[html.themehour.net/faren/demo/assets/img/icon/feature_1_1.svg]
[html.themehour.net/faren/demo/assets/img/icon/feature_1_2.svg]
[html.themehour.net/faren/demo/assets/img/icon/feature_1_3.svg]
[html.themehour.net/faren/demo/assets/img/icon/feature_1_4.svg]
[html.themehour.net/faren/demo/assets/img/icon/star3.svg]
[html.themehour.net/faren/demo/assets/img/icon/award-1.svg]
[html.themehour.net/faren/demo/assets/img/icon/right-arrow2.svg]
[html.themehour.net/faren/demo/assets/img/icon/award-2.svg]
[html.themehour.net/faren/demo/assets/img/icon/award-3.svg]
[html.themehour.net/faren/demo/assets/img/icon/award-4.svg]
[html.themehour.net/faren/demo/assets/img/icon/right-arrow4.svg]
[html.themehour.net/faren/demo/assets/img/icon/left-arrow4.svg]
[html.themehour.net/faren/demo/assets/img/brand/brand_1_1.svg]
[html.themehour.net/faren/demo/assets/img/brand/brand_1_2.svg]
[html.themehour.net/faren/demo/assets/img/brand/brand_1_3.svg]
[html.themehour.net/faren/demo/assets/img/brand/brand_1_4.svg]
[html.themehour.net/faren/demo/assets/img/brand/brand_1_5.svg]
[html.themehour.net/faren/demo/assets/img/icon/choose_1_1.svg]
[html.themehour.net/faren/demo/assets/img/icon/choose_1_2.svg]
[html.themehour.net/faren/demo/assets/img/icon/choose_1_3.svg]
[html.themehour.net/faren/demo/assets/img/icon/choose_1_4.svg]
[html.themehour.net/faren/demo/assets/img/icon/service_2_1.svg]
[html.themehour.net/faren/demo/assets/img/icon/service_2_2.svg]
[html.themehour.net/faren/demo/assets/img/icon/service_2_3.svg]
[html.themehour.net/faren/demo/assets/img/icon/quote3.svg]
[html.themehour.net/faren/demo/assets/img/icon/hero-left-arrow.svg]
[html.themehour.net/faren/demo/assets/img/icon/hero-right-arrow.svg]
[html.themehour.net/faren/demo/assets/img/icon/about-feature-1.svg]
[html.themehour.net/faren/demo/assets/img/icon/about-feature-2.svg]
[html.themehour.net/faren/demo/assets/img/icon/prev.svg]
[html.themehour.net/faren/demo/assets/img/icon/next.svg]
[html.themehour.net/faren/demo/assets/img/shape/ser-right-arrow.svg]
[html.themehour.net/faren/demo/assets/img/icon/quote5.svg]
[html.themehour.net/faren/demo/assets/img/logo-white2.svg]
[html.themehour.net/faren/demo/assets/img/icon/call.svg]
[html.themehour.net/faren/demo/assets/img/icon/1.svg]
[html.themehour.net/faren/demo/assets/img/icon/2.svg]
[html.themehour.net/faren/demo/assets/img/icon/3.svg]
[html.themehour.net/faren/demo/assets/img/icon/4.svg]
[html.themehour.net/faren/demo/assets/img/icon/project-icon.svg]
[html.themehour.net/faren/demo/assets/img/icon/choose_2_1.svg]
[html.themehour.net/faren/demo/assets/img/icon/choose_2_2.svg]
[html.themehour.net/faren/demo/assets/img/icon/choose_2_3.svg]
[html.themehour.net/faren/demo/assets/img/icon/choose_2_4.svg]
[html.themehour.net/faren/demo/assets/img/icon/quote4.svg]
[html.themehour.net/faren/demo/assets/img/icon/about_1_1.svg]
[html.themehour.net/faren/demo/assets/img/icon/about_1_2.svg]
[html.themehour.net/faren/demo/assets/img/icon/about_1_3.svg]
[html.themehour.net/faren/demo/assets/img/icon/service_3_1.svg]
[html.themehour.net/faren/demo/assets/img/icon/shuffle.svg]
[html.themehour.net/faren/demo/assets/img/brand/brand_3_1.svg]
[html.themehour.net/faren/demo/assets/img/brand/brand_3_2.svg]
[html.themehour.net/faren/demo/assets/img/brand/brand_3_3.svg]
[html.themehour.net/faren/demo/assets/img/brand/brand_3_4.svg]
[html.themehour.net/faren/demo/assets/img/icon/location-dot.svg]
